BEGIN
CREATE TABLE
ALTER TABLE
REVOKE
CREATE FUNCTION
CREATE TRIGGER
REVOKE
CREATE TABLE
ALTER TABLE
REVOKE
CREATE TRIGGER
DO
ALTER FUNCTION
CREATE FUNCTION
REVOKE
REVOKE
GRANT
CREATE FUNCTION
REVOKE
DO
DO
ALTER FUNCTION
CREATE FUNCTION
REVOKE
CREATE FUNCTION
REVOKE
GRANT
CREATE FUNCTION
CREATE FUNCTION
REVOKE
GRANT
CREATE FUNCTION
REVOKE
DO
CREATE FUNCTION
REVOKE
GRANT
DO
 no_plan 
---------
(0 rows)

INSERT 0 2
INSERT 0 1
INSERT 0 2
INSERT 0 2
INSERT 0 2
INSERT 0 1
INSERT 0 3
INSERT 0 1
INSERT 0 1
INSERT 0 1
INSERT 0 1
INSERT 0 1
INSERT 0 1
INSERT 0 1
INSERT 0 1
INSERT 0 1
INSERT 0 1
INSERT 0 1
INSERT 0 2
                                 is                                  
---------------------------------------------------------------------
 ok 1 - real insurance issuer rejects the independent synthetic pack
(1 row)

                        throws_ok                        
---------------------------------------------------------
 ok 2 - ownership month must be an exact civil-month key
(1 row)

                          throws_ok                          
-------------------------------------------------------------
 ok 3 - ownership requires an opaque valid period identifier
(1 row)

                                            is                                            
------------------------------------------------------------------------------------------
 ok 4 - real production issuer rejects synthetic pack; no official evidence is fabricated
(1 row)

SET
              set_config              
--------------------------------------
 d6620000-0000-4000-8000-000000000001
(1 row)

                                payroll_save_input                                
----------------------------------------------------------------------------------
 {"id": "40439e00-2929-4499-abc9-ca1715444ce9", "status": "draft", "revision": 1}
(1 row)

                                payroll_save_input                                
----------------------------------------------------------------------------------
 {"id": "abe84d95-9968-4102-b8b1-f1c802722ac1", "status": "draft", "revision": 1}
(1 row)

              set_config              
--------------------------------------
 c10561f4-a8fb-4b79-9a56-0bc40163f966
(1 row)

                                payroll_save_input                                
----------------------------------------------------------------------------------
 {"id": "c10561f4-a8fb-4b79-9a56-0bc40163f966", "status": "draft", "revision": 2}
(1 row)

RESET
SET
SET
              set_config              
--------------------------------------
 a3e6c527-7422-4725-8b22-97c47c7b792b
(1 row)

                                                                                                                          set_config                                                                                                                          
--------------------------------------------------------------------------------------------------------------------------------------------------------------------------------------------------------------------------------------------------------------
 {"amount": 8000, "reason": "Reviewed contractual amount outside automated V1 coverage", "reference": "NONLEGAL external termination calculation document", "component_id": "a3e6c527-7422-4725-8b22-97c47c7b792b", "deduction_category": "employer_penalty"}
(1 row)

              set_config              
--------------------------------------
 983d4cf5-e06a-4393-b102-50e78fcf19f1
(1 row)

                                 payroll_save_input                                  
-------------------------------------------------------------------------------------
 {"id": "983d4cf5-e06a-4393-b102-50e78fcf19f1", "status": "approved", "revision": 2}
(1 row)

RESET
SET
              set_config              
--------------------------------------
 d6628000-0000-4000-8000-000000000001
(1 row)

                                       payroll_advance_command                                        
------------------------------------------------------------------------------------------------------
 {"id": "d6628000-0000-4000-8000-000000000001", "status": "draft", "revision": 1, "outstanding": "0"}
(1 row)

                                          payroll_advance_command                                           
------------------------------------------------------------------------------------------------------------
 {"id": "d6628000-0000-4000-8000-000000000001", "status": "approved", "revision": 2, "outstanding": "0.00"}
(1 row)

                                           payroll_advance_command                                           
-------------------------------------------------------------------------------------------------------------
 {"id": "d6628000-0000-4000-8000-000000000001", "status": "active", "revision": 3, "outstanding": "2000.00"}
(1 row)

                                                                         set_config                                                                          
-------------------------------------------------------------------------------------------------------------------------------------------------------------
 {"id": "9205b4d4-d3f1-4f26-8a6d-4f2e94577a3b", "status": "review", "revision": 1, "issue_count": 3, "candidate_id": "b29951bb-670d-4395-8a6d-0d9c47cb45e6"}
(1 row)

RESET
                               is                               
----------------------------------------------------------------
 ok 5 - real issuer still blocks multi-context synthetic inputs
(1 row)

CREATE FUNCTION
SET
                                 payroll_run_command                                  
--------------------------------------------------------------------------------------
 {"id": "9205b4d4-d3f1-4f26-8a6d-4f2e94577a3b", "status": "cancelled", "revision": 2}
(1 row)

                                                                         set_config                                                                          
-------------------------------------------------------------------------------------------------------------------------------------------------------------
 {"id": "4299c2cb-284f-428b-88c4-74d51ef415ea", "status": "review", "revision": 1, "issue_count": 4, "candidate_id": "4a40994a-3814-4dc6-858a-bbb7771865d6"}
(1 row)

RESET
                                   is                                   
------------------------------------------------------------------------
 ok 6 - tax evidence alone cannot qualify an approved general deduction
(1 row)

                              ok                               
---------------------------------------------------------------
 ok 7 - owned blocker identifies the independent labour issuer
(1 row)

SET
                                 payroll_run_command                                  
--------------------------------------------------------------------------------------
 {"id": "4299c2cb-284f-428b-88c4-74d51ef415ea", "status": "cancelled", "revision": 2}
(1 row)

RESET
CREATE FUNCTION
SET
                                                                         set_config                                                                          
-------------------------------------------------------------------------------------------------------------------------------------------------------------
 {"id": "7d0f54f6-b750-46bb-a093-5c906bff1542", "status": "review", "revision": 1, "issue_count": 4, "candidate_id": "168e436e-18d7-486d-8948-38286291025a"}
(1 row)

RESET
                                         is                                          
-------------------------------------------------------------------------------------
 ok 8 - approved8000 overcapacity is not a financially qualified partial consumption
(1 row)

                                      is                                      
------------------------------------------------------------------------------
 ok 9 - unapplied approved obligation remains visible with its exact residual
(1 row)

                                 is                                  
---------------------------------------------------------------------
 ok 10 - overcapacity public calculation commits no financial output
(1 row)

                          is                           
-------------------------------------------------------
 ok 11 - blocked claim leaves approved loan unconsumed
(1 row)

                               is                                
-----------------------------------------------------------------
 ok 12 - overcapacity claim cannot lower actual outstanding loan
(1 row)

                                        is                                         
-----------------------------------------------------------------------------------
 ok 13 - blocked debt retains completed independent statutory segment explanations
(1 row)

                                   ok                                    
-------------------------------------------------------------------------
 ok 14 - capacity explanation exposes no qualified or provisional payout
(1 row)

                           is                           
--------------------------------------------------------
 ok 15 - overcapacity leaves approved source unconsumed
(1 row)

SET
                      throws_ok                       
------------------------------------------------------
 ok 16 - public approval refuses unapplied obligation
(1 row)

RESET
INSERT 0 1
SET
              set_config              
--------------------------------------
 9beee476-4f67-4a9b-80a8-5eb2b17aae25
(1 row)

                                                                                                                    set_config                                                                                                                    
--------------------------------------------------------------------------------------------------------------------------------------------------------------------------------------------------------------------------------------------------
 {"id": "2eefc68a-deba-4d62-aab1-04e1a3993207", "disposition": "carry", "target_head": "7bff1198-3fab-489e-8b32-640025341d18", "payroll_amount": 3000.00, "original_amount": 8000.00, "residual_amount": 5000.00, "requires_recalculation": true}
(1 row)

                                 is                                  
---------------------------------------------------------------------
 ok 17 - same disposition receipt creates one attributable remainder
(1 row)

              set_config              
--------------------------------------
 3fc766dd-e4ad-415b-a389-8d7c53be5945
(1 row)

                                            set_config                                             
---------------------------------------------------------------------------------------------------
 {"id": "2eefc68a-deba-4d62-aab1-04e1a3993207", "retracted": true, "requires_recalculation": true}
(1 row)

                         is                         
----------------------------------------------------
 ok 18 - retraction replay returns original receipt
(1 row)

                                    is                                    
--------------------------------------------------------------------------
 ok 19 - retraction is recoverable under the same opaque receipt protocol
(1 row)

RESET
                             is                              
-------------------------------------------------------------
 ok 20 - one append-only retraction retains approval history
(1 row)

                              is                              
--------------------------------------------------------------
 ok 21 - owned unconsumed carry input is cancelled atomically
(1 row)

                                 is                                 
--------------------------------------------------------------------
 ok 22 - retraction never cancels or reduces original approved debt
(1 row)

                                  is                                   
-----------------------------------------------------------------------
 ok 23 - retracted split is removed only from new candidate projection
(1 row)

                      is                      
----------------------------------------------
 ok 24 - retraction consumes no payroll money
(1 row)

                             is                              
-------------------------------------------------------------
 ok 25 - scoped UI retains the historical retracted approval
(1 row)

 finish 
--------
 1..25
(1 row)

ROLLBACK
