BEGIN
CREATE TABLE
ALTER TABLE
REVOKE
CREATE FUNCTION
CREATE TRIGGER
REVOKE
CREATE TABLE
ALTER TABLE
REVOKE
CREATE TRIGGER
DO
ALTER FUNCTION
CREATE FUNCTION
REVOKE
REVOKE
GRANT
CREATE FUNCTION
REVOKE
DO
DO
ALTER FUNCTION
CREATE FUNCTION
REVOKE
CREATE FUNCTION
REVOKE
GRANT
CREATE FUNCTION
CREATE FUNCTION
REVOKE
GRANT
CREATE FUNCTION
REVOKE
DO
CREATE FUNCTION
REVOKE
GRANT
ALTER FUNCTION
CREATE FUNCTION
REVOKE
DO
 no_plan 
---------
(0 rows)

INSERT 0 2
INSERT 0 1
INSERT 0 2
INSERT 0 2
INSERT 0 2
INSERT 0 1
INSERT 0 3
INSERT 0 1
INSERT 0 1
INSERT 0 1
INSERT 0 1
INSERT 0 1
INSERT 0 1
INSERT 0 1
INSERT 0 1
INSERT 0 1
INSERT 0 1
INSERT 0 1
INSERT 0 2
                                 is                                  
---------------------------------------------------------------------
 ok 1 - real insurance issuer rejects the independent synthetic pack
(1 row)

                        throws_ok                        
---------------------------------------------------------
 ok 2 - ownership month must be an exact civil-month key
(1 row)

                          throws_ok                          
-------------------------------------------------------------
 ok 3 - ownership requires an opaque valid period identifier
(1 row)

                                            is                                            
------------------------------------------------------------------------------------------
 ok 4 - real production issuer rejects synthetic pack; no official evidence is fabricated
(1 row)

SET
              set_config              
--------------------------------------
 d6650000-0000-4000-8000-000000000001
(1 row)

                                payroll_save_input                                
----------------------------------------------------------------------------------
 {"id": "aad6274b-89a8-48c3-8b83-01ccdac1d971", "status": "draft", "revision": 1}
(1 row)

                                payroll_save_input                                
----------------------------------------------------------------------------------
 {"id": "c97926fc-e269-4f89-9fb8-1b0567c2b298", "status": "draft", "revision": 1}
(1 row)

              set_config              
--------------------------------------
 5cb8e3df-5ce5-4ac0-b853-6dfbb5a288e3
(1 row)

                                payroll_save_input                                
----------------------------------------------------------------------------------
 {"id": "5cb8e3df-5ce5-4ac0-b853-6dfbb5a288e3", "status": "draft", "revision": 2}
(1 row)

RESET
SET
SET
              set_config              
--------------------------------------
 cc627edd-6b7a-420e-9cc5-89ce7708fa04
(1 row)

                                                                                                                          set_config                                                                                                                          
--------------------------------------------------------------------------------------------------------------------------------------------------------------------------------------------------------------------------------------------------------------
 {"amount": 8000, "reason": "Reviewed contractual amount outside automated V1 coverage", "reference": "NONLEGAL external termination calculation document", "component_id": "cc627edd-6b7a-420e-9cc5-89ce7708fa04", "deduction_category": "employer_penalty"}
(1 row)

              set_config              
--------------------------------------
 ab4ef3bc-10d6-47ca-b500-261e65e58b3c
(1 row)

                                 payroll_save_input                                  
-------------------------------------------------------------------------------------
 {"id": "ab4ef3bc-10d6-47ca-b500-261e65e58b3c", "status": "approved", "revision": 2}
(1 row)

RESET
SET
              set_config              
--------------------------------------
 d6658000-0000-4000-8000-000000000001
(1 row)

                                       payroll_advance_command                                        
------------------------------------------------------------------------------------------------------
 {"id": "d6658000-0000-4000-8000-000000000001", "status": "draft", "revision": 1, "outstanding": "0"}
(1 row)

                                          payroll_advance_command                                           
------------------------------------------------------------------------------------------------------------
 {"id": "d6658000-0000-4000-8000-000000000001", "status": "approved", "revision": 2, "outstanding": "0.00"}
(1 row)

                                           payroll_advance_command                                           
-------------------------------------------------------------------------------------------------------------
 {"id": "d6658000-0000-4000-8000-000000000001", "status": "active", "revision": 3, "outstanding": "2000.00"}
(1 row)

                                                                         set_config                                                                          
-------------------------------------------------------------------------------------------------------------------------------------------------------------
 {"id": "2e79c52c-2728-4522-8642-15f1ead8810a", "status": "review", "revision": 1, "issue_count": 3, "candidate_id": "2909ae01-e377-4b7d-86b9-464c4c106c57"}
(1 row)

RESET
                               is                               
----------------------------------------------------------------
 ok 5 - real issuer still blocks multi-context synthetic inputs
(1 row)

CREATE FUNCTION
SET
                                 payroll_run_command                                  
--------------------------------------------------------------------------------------
 {"id": "2e79c52c-2728-4522-8642-15f1ead8810a", "status": "cancelled", "revision": 2}
(1 row)

                                                                         set_config                                                                          
-------------------------------------------------------------------------------------------------------------------------------------------------------------
 {"id": "a144d88b-716e-4de4-9887-2a9f371a8cf4", "status": "review", "revision": 1, "issue_count": 4, "candidate_id": "372b61e9-6240-4507-abd0-39dc0af52a9c"}
(1 row)

RESET
                                   is                                   
------------------------------------------------------------------------
 ok 6 - tax evidence alone cannot qualify an approved general deduction
(1 row)

                              ok                               
---------------------------------------------------------------
 ok 7 - owned blocker identifies the independent labour issuer
(1 row)

SET
                                 payroll_run_command                                  
--------------------------------------------------------------------------------------
 {"id": "a144d88b-716e-4de4-9887-2a9f371a8cf4", "status": "cancelled", "revision": 2}
(1 row)

RESET
CREATE FUNCTION
SET
                                                                         set_config                                                                          
-------------------------------------------------------------------------------------------------------------------------------------------------------------
 {"id": "94e49697-68dd-4f5a-a053-12452f7c33b8", "status": "review", "revision": 1, "issue_count": 4, "candidate_id": "d40f9646-7f40-44ca-ae33-35328dd7065d"}
(1 row)

RESET
                                         is                                          
-------------------------------------------------------------------------------------
 ok 8 - approved8000 overcapacity is not a financially qualified partial consumption
(1 row)

                                      is                                      
------------------------------------------------------------------------------
 ok 9 - unapplied approved obligation remains visible with its exact residual
(1 row)

                                 is                                  
---------------------------------------------------------------------
 ok 10 - overcapacity public calculation commits no financial output
(1 row)

                          is                           
-------------------------------------------------------
 ok 11 - blocked claim leaves approved loan unconsumed
(1 row)

                               is                                
-----------------------------------------------------------------
 ok 12 - overcapacity claim cannot lower actual outstanding loan
(1 row)

                                        is                                         
-----------------------------------------------------------------------------------
 ok 13 - blocked debt retains completed independent statutory segment explanations
(1 row)

                                   ok                                    
-------------------------------------------------------------------------
 ok 14 - capacity explanation exposes no qualified or provisional payout
(1 row)

                           is                           
--------------------------------------------------------
 ok 15 - overcapacity leaves approved source unconsumed
(1 row)

SET
                      throws_ok                       
------------------------------------------------------
 ok 16 - public approval refuses unapplied obligation
(1 row)

RESET
INSERT 0 1
SET
              set_config              
--------------------------------------
 bca37697-24fa-40c5-9270-4e59c34dbab9
(1 row)

                                                                                                                    set_config                                                                                                                    
--------------------------------------------------------------------------------------------------------------------------------------------------------------------------------------------------------------------------------------------------
 {"id": "33d7dca1-efb4-4e42-a310-e58fc8e42742", "disposition": "carry", "target_head": "a08c579c-9120-43c8-b050-af8f3faed869", "payroll_amount": 3000.00, "original_amount": 8000.00, "residual_amount": 5000.00, "requires_recalculation": true}
(1 row)

                                 is                                  
---------------------------------------------------------------------
 ok 17 - same disposition receipt creates one attributable remainder
(1 row)

                                     is                                      
-----------------------------------------------------------------------------
 ok 18 - opaque attempt recovers the committed split under current authority
(1 row)

                                       is                                       
--------------------------------------------------------------------------------
 ok 19 - serialized recovery establishes definite noncommit for unknown attempt
(1 row)

                                throws_ok                                
-------------------------------------------------------------------------
 ok 20 - a different attempt cannot duplicate the same approved residual
(1 row)

                                                                         set_config                                                                          
-------------------------------------------------------------------------------------------------------------------------------------------------------------
 {"id": "a01ea0e3-6909-4700-951a-9bdd212f3b8d", "status": "review", "revision": 1, "issue_count": 5, "candidate_id": "ebf8f8f5-cf6c-472b-9faf-b8fdcbf15a58"}
(1 row)

RESET
                                        ok                                         
-----------------------------------------------------------------------------------
 ok 21 - next period cannot consume a residual before original-period finalization
(1 row)

                         is                         
----------------------------------------------------
 ok 22 - early next-period attempt consumes nothing
(1 row)

SET
                                 payroll_run_command                                  
--------------------------------------------------------------------------------------
 {"id": "a01ea0e3-6909-4700-951a-9bdd212f3b8d", "status": "cancelled", "revision": 2}
(1 row)

                                 payroll_run_command                                  
--------------------------------------------------------------------------------------
 {"id": "94e49697-68dd-4f5a-a053-12452f7c33b8", "status": "cancelled", "revision": 2}
(1 row)

                                                                         set_config                                                                          
-------------------------------------------------------------------------------------------------------------------------------------------------------------
 {"id": "2b88518d-0b1c-4667-84e8-afb0b3e7aa63", "status": "review", "revision": 1, "issue_count": 0, "candidate_id": "7fc7bb2c-8033-44f9-8eca-4f51a7824d33"}
(1 row)

RESET
 actual_issues 
---------------
 []
(1 row)

                                        is                                        
----------------------------------------------------------------------------------
 ok 23 - actual multi-context producer requires separately qualified scoped packs
(1 row)

                              is                               
---------------------------------------------------------------
 ok 24 - segment cents conserve original rounded monthly gross
(1 row)

                                            is                                             
-------------------------------------------------------------------------------------------
 ok 25 - Dec7/Jan24 tax and two insurance months reconcile with one approved1000 deduction
(1 row)

                                     is                                      
-----------------------------------------------------------------------------
 ok 26 - both immutable legal context versions have independent explanations
(1 row)

                                         is                                          
-------------------------------------------------------------------------------------
 ok 27 - December and January liabilities are independent once-owned calendar months
(1 row)

                         is                         
----------------------------------------------------
 ok 28 - first salary segment preserves cent prefix
(1 row)

                             is                              
-------------------------------------------------------------
 ok 29 - second salary segment is exact complementary amount
(1 row)

                                           is                                           
----------------------------------------------------------------------------------------
 ok 30 - January resets prior taxable at year start instead of carrying December income
(1 row)

                                            is                                            
------------------------------------------------------------------------------------------
 ok 31 - January resets prior tax at year start instead of carrying December assessed tax
(1 row)

SELECT 1
                             throws_ok                             
-------------------------------------------------------------------
 ok 32 - removing captured split evidence blocks final consumption
(1 row)

                              is                               
---------------------------------------------------------------
 ok 33 - approval cannot precede valid disposition consumption
(1 row)

                             is                             
------------------------------------------------------------
 ok 34 - exact legitimate captured split remains approvable
(1 row)

SET
                     throws_ok                      
----------------------------------------------------
 ok 35 - fixed receipt cannot accept altered intent
(1 row)

                        throws_ok                        
---------------------------------------------------------
 ok 36 - read workspace rejects another employer context
(1 row)

RESET
DELETE 1
SET
                                   throws_ok                                   
-------------------------------------------------------------------------------
 ok 37 - role revocation blocks even recovery of an earlier successful receipt
(1 row)

RESET
                                      is                                      
------------------------------------------------------------------------------
 ok 38 - failed authority and forged evidence produce no duplicate debt split
(1 row)

                     is                      
---------------------------------------------
 ok 39 - negative controls finalize no money
(1 row)

 finish 
--------
 1..39
(1 row)

ROLLBACK
