BEGIN
CREATE TABLE
ALTER TABLE
REVOKE
CREATE FUNCTION
CREATE TRIGGER
REVOKE
DO
ALTER FUNCTION
CREATE FUNCTION
REVOKE
REVOKE
GRANT
CREATE FUNCTION
REVOKE
DO
DO
ALTER FUNCTION
CREATE FUNCTION
REVOKE
CREATE FUNCTION
REVOKE
GRANT
DO
 no_plan 
---------
(0 rows)

INSERT 0 2
INSERT 0 1
INSERT 0 2
INSERT 0 2
INSERT 0 2
INSERT 0 1
INSERT 0 3
INSERT 0 1
INSERT 0 1
INSERT 0 1
INSERT 0 1
INSERT 0 1
INSERT 0 1
INSERT 0 1
INSERT 0 1
INSERT 0 1
INSERT 0 1
INSERT 0 1
INSERT 0 2
                                 is                                  
---------------------------------------------------------------------
 ok 1 - real insurance issuer rejects the independent synthetic pack
(1 row)

                        throws_ok                        
---------------------------------------------------------
 ok 2 - ownership month must be an exact civil-month key
(1 row)

                          throws_ok                          
-------------------------------------------------------------
 ok 3 - ownership requires an opaque valid period identifier
(1 row)

                                            is                                            
------------------------------------------------------------------------------------------
 ok 4 - real production issuer rejects synthetic pack; no official evidence is fabricated
(1 row)

SET
              set_config              
--------------------------------------
 d6610000-0000-4000-8000-000000000001
(1 row)

                                payroll_save_input                                
----------------------------------------------------------------------------------
 {"id": "4bfda419-672c-435a-a1fd-594b3f7d0616", "status": "draft", "revision": 1}
(1 row)

                                payroll_save_input                                
----------------------------------------------------------------------------------
 {"id": "1881256a-6780-4a55-bb7c-36cf64439196", "status": "draft", "revision": 1}
(1 row)

              set_config              
--------------------------------------
 28c324ff-aa50-48c4-badd-39b035bac584
(1 row)

                                payroll_save_input                                
----------------------------------------------------------------------------------
 {"id": "28c324ff-aa50-48c4-badd-39b035bac584", "status": "draft", "revision": 2}
(1 row)

RESET
SET
SET
              set_config              
--------------------------------------
 0b6257c6-fa40-4725-981b-db9e5b503eae
(1 row)

              set_config              
--------------------------------------
 f8f059e6-5b5d-48c3-998f-58fba4fcccbb
(1 row)

                                                                                                                                         set_config                                                                                                                                         
--------------------------------------------------------------------------------------------------------------------------------------------------------------------------------------------------------------------------------------------------------------------------------------------
 {"value": "8000", "reason": "NONLEGAL fixed period recurring source", "reference": "NONLEGAL reviewed monthly obligation", "component_id": "f8f059e6-5b5d-48c3-998f-58fba4fcccbb", "carry_component_id": "0b6257c6-fa40-4725-981b-db9e5b503eae", "deduction_category": "employer_penalty"}
(1 row)

              set_config              
--------------------------------------
 55b0fd43-508a-40f9-9663-e97150fc541d
(1 row)

                                 payroll_save_input                                  
-------------------------------------------------------------------------------------
 {"id": "55b0fd43-508a-40f9-9663-e97150fc541d", "status": "approved", "revision": 2}
(1 row)

RESET
SET
              set_config              
--------------------------------------
 d6618000-0000-4000-8000-000000000001
(1 row)

                                       payroll_advance_command                                        
------------------------------------------------------------------------------------------------------
 {"id": "d6618000-0000-4000-8000-000000000001", "status": "draft", "revision": 1, "outstanding": "0"}
(1 row)

                                          payroll_advance_command                                           
------------------------------------------------------------------------------------------------------------
 {"id": "d6618000-0000-4000-8000-000000000001", "status": "approved", "revision": 2, "outstanding": "0.00"}
(1 row)

                                           payroll_advance_command                                           
-------------------------------------------------------------------------------------------------------------
 {"id": "d6618000-0000-4000-8000-000000000001", "status": "active", "revision": 3, "outstanding": "2000.00"}
(1 row)

                                                                         set_config                                                                          
-------------------------------------------------------------------------------------------------------------------------------------------------------------
 {"id": "9078d6ca-b0fc-4fcd-b2d3-a2efcd58392d", "status": "review", "revision": 1, "issue_count": 3, "candidate_id": "ddb4a7ea-e75f-47d1-b9a2-3d8cbc03a561"}
(1 row)

RESET
                               is                               
----------------------------------------------------------------
 ok 5 - real issuer still blocks multi-context synthetic inputs
(1 row)

CREATE FUNCTION
SET
                                 payroll_run_command                                  
--------------------------------------------------------------------------------------
 {"id": "9078d6ca-b0fc-4fcd-b2d3-a2efcd58392d", "status": "cancelled", "revision": 2}
(1 row)

                                                                         set_config                                                                          
-------------------------------------------------------------------------------------------------------------------------------------------------------------
 {"id": "66d90a4f-e1ec-4bf6-bee9-5a66030bd3d2", "status": "review", "revision": 1, "issue_count": 4, "candidate_id": "0a6557b9-08f0-4044-82ae-ab693d247e72"}
(1 row)

RESET
                                   is                                   
------------------------------------------------------------------------
 ok 6 - tax evidence alone cannot qualify an approved general deduction
(1 row)

                              ok                               
---------------------------------------------------------------
 ok 7 - owned blocker identifies the independent labour issuer
(1 row)

SET
                                 payroll_run_command                                  
--------------------------------------------------------------------------------------
 {"id": "66d90a4f-e1ec-4bf6-bee9-5a66030bd3d2", "status": "cancelled", "revision": 2}
(1 row)

RESET
CREATE FUNCTION
SET
                                                                         set_config                                                                          
-------------------------------------------------------------------------------------------------------------------------------------------------------------
 {"id": "d3cf320d-f1ae-4977-9e1f-8983ce5f5f5f", "status": "review", "revision": 1, "issue_count": 4, "candidate_id": "383bb0a6-73c3-4bd2-bc6e-8c58741b219e"}
(1 row)

RESET
                                         is                                          
-------------------------------------------------------------------------------------
 ok 8 - approved8000 overcapacity is not a financially qualified partial consumption
(1 row)

                                      is                                      
------------------------------------------------------------------------------
 ok 9 - unapplied approved obligation remains visible with its exact residual
(1 row)

                                 is                                  
---------------------------------------------------------------------
 ok 10 - overcapacity public calculation commits no financial output
(1 row)

                          is                           
-------------------------------------------------------
 ok 11 - blocked claim leaves approved loan unconsumed
(1 row)

                               is                                
-----------------------------------------------------------------
 ok 12 - overcapacity claim cannot lower actual outstanding loan
(1 row)

                                        is                                         
-----------------------------------------------------------------------------------
 ok 13 - blocked debt retains completed independent statutory segment explanations
(1 row)

                                   ok                                    
-------------------------------------------------------------------------
 ok 14 - capacity explanation exposes no qualified or provisional payout
(1 row)

                           is                           
--------------------------------------------------------
 ok 15 - overcapacity leaves approved source unconsumed
(1 row)

SET
                      throws_ok                       
------------------------------------------------------
 ok 16 - public approval refuses unapplied obligation
(1 row)

RESET
INSERT 0 1
SET
              set_config              
--------------------------------------
 9b9ca415-91d3-4f88-b4a2-929750dafacd
(1 row)

                                                                                                                    set_config                                                                                                                    
--------------------------------------------------------------------------------------------------------------------------------------------------------------------------------------------------------------------------------------------------
 {"id": "7b37c9c6-ef81-4e82-bfba-341c6cb3ccd2", "disposition": "carry", "target_head": "168cfdcb-c81b-4f67-8c9b-d80ee3e79966", "payroll_amount": 3000.00, "original_amount": 8000.00, "residual_amount": 5000.00, "requires_recalculation": true}
(1 row)

                                 is                                  
---------------------------------------------------------------------
 ok 17 - same disposition receipt creates one attributable remainder
(1 row)

                                 payroll_run_command                                  
--------------------------------------------------------------------------------------
 {"id": "d3cf320d-f1ae-4977-9e1f-8983ce5f5f5f", "status": "cancelled", "revision": 2}
(1 row)

                                                                         set_config                                                                          
-------------------------------------------------------------------------------------------------------------------------------------------------------------
 {"id": "532a1bf4-0452-4a02-b1e8-7f95774fd430", "status": "review", "revision": 1, "issue_count": 0, "candidate_id": "cb5929fe-e190-4eef-9ab5-ddc3b43696a9"}
(1 row)

RESET
 actual_issues 
---------------
 []
(1 row)

                                        is                                        
----------------------------------------------------------------------------------
 ok 18 - actual multi-context producer requires separately qualified scoped packs
(1 row)

                              is                               
---------------------------------------------------------------
 ok 19 - segment cents conserve original rounded monthly gross
(1 row)

                                            is                                             
-------------------------------------------------------------------------------------------
 ok 20 - Dec7/Jan24 tax and two insurance months reconcile with one approved1000 deduction
(1 row)

                                     is                                      
-----------------------------------------------------------------------------
 ok 21 - both immutable legal context versions have independent explanations
(1 row)

                                         is                                          
-------------------------------------------------------------------------------------
 ok 22 - December and January liabilities are independent once-owned calendar months
(1 row)

                         is                         
----------------------------------------------------
 ok 23 - first salary segment preserves cent prefix
(1 row)

                             is                              
-------------------------------------------------------------
 ok 24 - second salary segment is exact complementary amount
(1 row)

                                           is                                           
----------------------------------------------------------------------------------------
 ok 25 - January resets prior taxable at year start instead of carrying December income
(1 row)

                                            is                                            
------------------------------------------------------------------------------------------
 ok 26 - January resets prior tax at year start instead of carrying December assessed tax
(1 row)

SET
                                                                                     payroll_candidate_approval                                                                                     
----------------------------------------------------------------------------------------------------------------------------------------------------------------------------------------------------
 {"id": "532a1bf4-0452-4a02-b1e8-7f95774fd430", "status": "approved", "revision": 2, "approval_id": "7d811460-fe71-4af0-9710-459c7588a735", "candidate_id": "cb5929fe-e190-4eef-9ab5-ddc3b43696a9"}
(1 row)

              set_config              
--------------------------------------
 1bbb0d03-3442-4380-8116-2c042d4b1a96
(1 row)

                                                                                         set_config                                                                                          
---------------------------------------------------------------------------------------------------------------------------------------------------------------------------------------------
 {"id": "532a1bf4-0452-4a02-b1e8-7f95774fd430", "output": "4bec15f8-fbae-4181-896c-1783657563b1", "status": "locked", "revision": 3, "candidate_id": "cb5929fe-e190-4eef-9ab5-ddc3b43696a9"}
(1 row)

                          is                           
-------------------------------------------------------
 ok 27 - same attempt returns the one committed output
(1 row)

                              is                               
---------------------------------------------------------------
 ok 28 - recovery reads the original grouped financial receipt
(1 row)

RESET
                                  is                                   
-----------------------------------------------------------------------
 ok 29 - one immutable employee output contains both reviewed segments
(1 row)

                                             is                                              
---------------------------------------------------------------------------------------------
 ok 30 - next period projects both cross-year authoritative segments into cumulative history
(1 row)

                                        ok                                        
----------------------------------------------------------------------------------
 ok 31 - each frozen segment satisfies historical structural and numeric contract
(1 row)

SET
                                payroll_save_input                                
----------------------------------------------------------------------------------
 {"id": "28c324ff-aa50-48c4-badd-39b035bac584", "status": "draft", "revision": 3}
(1 row)

                                                                         set_config                                                                          
-------------------------------------------------------------------------------------------------------------------------------------------------------------
 {"id": "82811600-82ef-4a9c-8150-c33bb71918c7", "status": "review", "revision": 1, "issue_count": 0, "candidate_id": "b729164b-2ec5-4b70-8639-09619bc6e36c"}
(1 row)

RESET
 follow_issues 
---------------
 []
(1 row)

                                        is                                        
----------------------------------------------------------------------------------
 ok 32 - next actual public producer consumes projected qualified segment history
(1 row)

                                  is                                   
-----------------------------------------------------------------------
 ok 33 - next cycle carries January taxable only and excludes December
(1 row)

                          is                          
------------------------------------------------------
 ok 34 - next cycle carries January assessed tax only
(1 row)

                                      is                                      
------------------------------------------------------------------------------
 ok 35 - next cumulative duration is reviewed24 plus30, excluding prior year7
(1 row)

                                        is                                         
-----------------------------------------------------------------------------------
 ok 36 - general wage basis excludes tax and employee insurance, not employer cost
(1 row)

                                   is                                   
------------------------------------------------------------------------
 ok 37 - ordinary25percent ceiling rounds downward without excess cents
(1 row)

                                               is                                                
-------------------------------------------------------------------------------------------------
 ok 38 - recurring source retains approval and original value; consumption belongs to its period
(1 row)

                                         is                                          
-------------------------------------------------------------------------------------
 ok 39 - alimony50percent basis deducts actual employer loan before general capacity
(1 row)

                              is                               
---------------------------------------------------------------
 ok 40 - statutory alimony precedence overrides incoming order
(1 row)

                             is                              
-------------------------------------------------------------
 ok 41 - employer statutory claim group precedes other debts
(1 row)

                                  throws_ok                                   
------------------------------------------------------------------------------
 ok 42 - assignment cannot use ordinary cap without written consent reference
(1 row)

                                   throws_ok                                   
-------------------------------------------------------------------------------
 ok 43 - Article113 employer loan cent excess rejected before Article114 basis
(1 row)

                       throws_ok                        
--------------------------------------------------------
 ok 44 - tax refund cannot silently raise debt capacity
(1 row)

                                       is                                        
---------------------------------------------------------------------------------
 ok 45 - qualified grouped finalization and replays consume actual2000 loan once
(1 row)

                                   is                                    
-------------------------------------------------------------------------
 ok 46 - actual loan debt reconciles to zero after one payroll deduction
(1 row)

                                    is                                    
--------------------------------------------------------------------------
 ok 47 - root total preserves loan2000 plus explicit partial recovery3000
(1 row)

                                                is                                                 
---------------------------------------------------------------------------------------------------
 ok 48 - loan independently respects actual gross10percent capacity before ordinary25percent basis
(1 row)

                             is                              
-------------------------------------------------------------
 ok 49 - one immutable approved split retains the obligation
(1 row)

                         is                          
-----------------------------------------------------
 ok 50 - original approved8000 debt remains explicit
(1 row)

                             is                             
------------------------------------------------------------
 ok 51 - partial3000 plus residual5000 conserves every cent
(1 row)

                                          is                                           
---------------------------------------------------------------------------------------
 ok 52 - source is applied without cancelling or reducing its original approved amount
(1 row)

                                     is                                     
----------------------------------------------------------------------------
 ok 53 - actual next-period calculation includes the approved residual once
(1 row)

SET
                                                                                     payroll_candidate_approval                                                                                     
----------------------------------------------------------------------------------------------------------------------------------------------------------------------------------------------------
 {"id": "82811600-82ef-4a9c-8150-c33bb71918c7", "status": "approved", "revision": 2, "approval_id": "08dd7ff9-4cc0-4b7a-95a2-ec88f180f58d", "candidate_id": "b729164b-2ec5-4b70-8639-09619bc6e36c"}
(1 row)

              set_config              
--------------------------------------
 bceee645-80fc-4ed9-ad4a-0b7767a81046
(1 row)

                                                                                         set_config                                                                                          
---------------------------------------------------------------------------------------------------------------------------------------------------------------------------------------------
 {"id": "82811600-82ef-4a9c-8150-c33bb71918c7", "output": "58a451fc-b5ca-45f6-9d8c-d3f4e7609bf3", "status": "locked", "revision": 3, "candidate_id": "b729164b-2ec5-4b70-8639-09619bc6e36c"}
(1 row)

                            is                            
----------------------------------------------------------
 ok 54 - next-period replay cannot consume residual twice
(1 row)

RESET
                                               is                                                
-------------------------------------------------------------------------------------------------
 ok 55 - residual obligation actually closes through authoritative next-period input consumption
(1 row)

                             is                             
------------------------------------------------------------
 ok 56 - two authoritative periods preserve both repayments
(1 row)

 finish 
--------
 1..56
(1 row)

ROLLBACK
