BEGIN
CREATE TABLE
ALTER TABLE
REVOKE
CREATE FUNCTION
CREATE TRIGGER
REVOKE
CREATE TABLE
ALTER TABLE
REVOKE
CREATE TRIGGER
DO
ALTER FUNCTION
CREATE FUNCTION
REVOKE
REVOKE
GRANT
CREATE FUNCTION
REVOKE
DO
DO
ALTER FUNCTION
CREATE FUNCTION
REVOKE
CREATE FUNCTION
REVOKE
GRANT
CREATE FUNCTION
CREATE FUNCTION
REVOKE
GRANT
CREATE FUNCTION
REVOKE
DO
CREATE FUNCTION
REVOKE
GRANT
ALTER FUNCTION
CREATE FUNCTION
REVOKE
CREATE FUNCTION
REVOKE
DO
 no_plan 
---------
(0 rows)

DO
INSERT 0 1
CREATE FUNCTION
CREATE FUNCTION
CREATE FUNCTION
CREATE FUNCTION
CREATE FUNCTION
SELECT 1
                                  is                                   
-----------------------------------------------------------------------
 ok 1 - generated statutory lines have complete versioned presentation
(1 row)

                        is                         
---------------------------------------------------
 ok 2 - base plus employee insurance plus tax only
(1 row)

                                 ok                                  
---------------------------------------------------------------------
 ok 3 - employer contributions are excluded from employee deductions
(1 row)

                             is                              
-------------------------------------------------------------
 ok 4 - presentation contract leaves synthetic net unchanged
(1 row)

                                is                                 
-------------------------------------------------------------------
 ok 5 - positive employer contribution remains a distinct own cost
(1 row)

                                   is                                   
------------------------------------------------------------------------
 ok 6 - gross and positive employer cost reconcile without reducing net
(1 row)

                                 is                                  
---------------------------------------------------------------------
 ok 7 - employee deductions exclude positive employer contribution15
(1 row)

                           is                           
--------------------------------------------------------
 ok 8 - presentation does not qualify legal calculation
(1 row)

                                 is                                  
---------------------------------------------------------------------
 ok 9 - historical statutory output without metadata remains blocked
(1 row)

                       is                       
------------------------------------------------
 ok 10 - unknown presentation schema is blocked
(1 row)

                         is                          
-----------------------------------------------------
 ok 11 - wrong saved tax pack cannot supply metadata
(1 row)

                            is                            
----------------------------------------------------------
 ok 12 - explanation cannot substitute a different amount
(1 row)

                              is                               
---------------------------------------------------------------
 ok 13 - a different employee cannot supply statutory metadata
(1 row)

SELECT 1
                   is                   
----------------------------------------
 ok 14 - zero tax has complete metadata
(1 row)

                      is                       
-----------------------------------------------
 ok 15 - zero tax remains visible and explicit
(1 row)

 finish 
--------
 1..15
(1 row)

ROLLBACK
